// Jest Snapshot v1, https://goo.gl/fbAQLP

exports[`Render CharactersSearch correctly 1`] = `
<div>
  <div
    class="MuiFormControl-root MuiTextField-root MuiFormControl-fullWidth"
  >
    <label
      class="MuiFormLabel-root MuiInputLabel-root MuiInputLabel-formControl MuiInputLabel-animated MuiInputLabel-outlined"
      data-shrink="false"
    >
      Search character...
    </label>
    <div
      class="MuiInputBase-root MuiOutlinedInput-root MuiInputBase-fullWidth MuiInputBase-formControl MuiInputBase-adornedEnd MuiOutlinedInput-adornedEnd"
    >
      <input
        aria-invalid="false"
        class="MuiInputBase-input MuiOutlinedInput-input MuiInputBase-inputAdornedEnd MuiOutlinedInput-inputAdornedEnd"
        data-testid="characters-search-input"
        type="text"
        value=""
      />
      <div
        class="MuiInputAdornment-root MuiInputAdornment-positionEnd"
      >
        <svg
          aria-hidden="true"
          class="MuiSvgIcon-root MuiSvgIcon-colorPrimary"
          focusable="false"
          viewBox="0 0 24 24"
        >
          <path
            d="M15.5 14h-.79l-.28-.27C15.41 12.59 16 11.11 16 9.5 16 5.91 13.09 3 9.5 3S3 5.91 3 9.5 5.91 16 9.5 16c1.61 0 3.09-.59 4.23-1.57l.27.28v.79l5 4.99L20.49 19l-4.99-5zm-6 0C7.01 14 5 11.99 5 9.5S7.01 5 9.5 5 14 7.01 14 9.5 11.99 14 9.5 14z"
          />
        </svg>
      </div>
      <fieldset
        aria-hidden="true"
        class="PrivateNotchedOutline-root-1 MuiOutlinedInput-notchedOutline"
      >
        <legend
          class="PrivateNotchedOutline-legendLabelled-3"
        >
          <span>
            Search character...
          </span>
        </legend>
      </fieldset>
    </div>
  </div>
</div>
`;
